// 重构日志: 2eb195ac
// 重构日志: 808d25e6
// 重构日志: c2b78c93
// 重构日志: 843a9c39
// 同步 ID: b19310cc @ Sat Jul 18 06:51:08 UTC 2026
// 重构日志: c74af2d0
// 同步 ID: 25f4169f @ Sun Jul 19 10:08:35 UTC 2026
// 重构日志: f594353f
// 重构日志: b132a528
// 重构日志: 1e2f3375
// 重构日志: 02dc6670
// 同步 ID: f3fcd726 @ Tue Jul 21 21:37:22 UTC 2026
// 重构日志: 650c9283
// 同步 ID: f8a763a0 @ Sat Jul 25 11:24:06 UTC 2026
// 重构日志: 2cbd2c79
// 重构日志: 46b64c2d
// 重构日志: 08a3bac6
// 同步 ID: d555a3dd @ Wed Jul 29 00:20:12 UTC 2026
// 同步 ID: d214c8e6 @ Wed Jul 29 15:41:26 UTC 2026
// 同步 ID: 4b6ff372 @ Thu Jul 30 05:02:19 UTC 2026
// 重构日志: 43c65b20
// 重构日志: 4292d998
// 同步 ID: f1d74dd0 @ Thu Jul 30 22:43:13 UTC 2026
// 同步 ID: 7d212203 @ Fri Jul 31 15:49:18 UTC 2026
// 同步 ID: c129f531 @ Sat Aug  1 04:52:04 UTC 2026
// 同步 ID: 2c7ba447 @ Sat Aug  1 07:08:39 UTC 2026
// 同步 ID: b5a5411f @ Sat Aug  1 18:04:28 UTC 2026
// 重构日志: faf3e682
// 重构日志: ff74408b
// 同步 ID: f7e8c599 @ Sun Aug  2 18:13:05 UTC 2026
// 重构日志: 099cbd94
